// Jest Snapshot v1, https://goo.gl/fbAQLP

exports[`<Button /> Render Button without className 1`] = `
<button
  className="Button "
>
  Button
</button>
`;
